
[2026-09-02 01:36:04] Submitting Cyberpunk Clip #00 of 16 (ID: c5db3b74fca8417180d1d0336fec5546) [cont=False]...
  !!! [Clip #00] FAILED with error: CUDA error: uncorrectable ECC error encountered
Search for `cudaErrorECCUncorrectable' in https://docs.nvidia.com/cuda/cuda-runtime-api/group__CUDART__TYPES.html for more information.
CUDA kernel errors might be asynchronously reported at some other API call, so the stacktrace below might be incorrect.
For debugging consider passing CUDA_LAUNCH_BLOCKING=1
Compile with `TORCH_USE_CUDA_DSA` to enable device-side assertions.


[2026-09-02 01:36:34] Submitting Cyberpunk Clip #01 of 16 (ID: cba593b37da24467b982e27a0c797d69) [cont=True]...
Failed to submit clip #1: HTTP Error 400: Bad Request

[2026-09-02 01:37:04] Submitting Cyberpunk Clip #02 of 16 (ID: 6d71866a6e0b456eaefd1b0e456ff322) [cont=True]...
Failed to submit clip #2: HTTP Error 400: Bad Request

[2026-09-02 01:37:34] Submitting Cyberpunk Clip #03 of 16 (ID: b96d643fb10d44eca85ba02e228347b0) [cont=True]...
Failed to submit clip #3: HTTP Error 400: Bad Request

[2026-09-02 07:04:51] Submitting Cyberpunk Clip #00 of 16 (ID: 661d0c466b124ed68950ff409e8d7161) [cont=False]...
  >>> [Clip #00] COMPLETED in 900s (15.0m) -> Output: E:\repo\h3-studio\backend\data\videos\cyberpunk-2088-la-se-al-del-sector-7-108-7edc6823\clips\661d0c466b124ed68950ff409e8d7161.mp4

[2026-09-02 07:19:52] Submitting Cyberpunk Clip #01 of 16 (ID: b26c8ebff331435c9b618d9ca76c7784) [cont=True]...
  >>> [Clip #01] COMPLETED in 1801s (30.0m) -> Output: E:\repo\h3-studio\backend\data\videos\cyberpunk-2088-la-se-al-del-sector-7-108-7edc6823\clips\b26c8ebff331435c9b618d9ca76c7784.mp4

[2026-09-02 07:49:53] Submitting Cyberpunk Clip #02 of 16 (ID: 18bcb3884faa4c47af03793208f8b5ca) [cont=True]...
  >>> [Clip #02] COMPLETED in 1861s (31.0m) -> Output: E:\repo\h3-studio\backend\data\videos\cyberpunk-2088-la-se-al-del-sector-7-108-7edc6823\clips\18bcb3884faa4c47af03793208f8b5ca.mp4

[2026-09-02 08:20:55] Submitting Cyberpunk Clip #03 of 16 (ID: e3178853714b48c3ba1df69ab30fd2e0) [cont=True]...
  !!! [Clip #03] FAILED with error: 'NoneType' object has no attribute 'permute'

[2026-09-02 08:21:25] Submitting Cyberpunk Clip #04 of 16 (ID: 81e8e529142b4cc491be827d7d81e6ff) [cont=True]...
Failed to submit clip #4: HTTP Error 400: Bad Request

[2026-09-02 08:21:55] Submitting Cyberpunk Clip #05 of 16 (ID: b0732a10843b4ec8a67c1d036900d8b9) [cont=True]...
Failed to submit clip #5: HTTP Error 400: Bad Request

[2026-09-02 08:22:25] Submitting Cyberpunk Clip #06 of 16 (ID: f0f96415f9664b7381a4889028aa3f66) [cont=True]...
Failed to submit clip #6: HTTP Error 400: Bad Request

[2026-09-02 08:22:55] Submitting Cyberpunk Clip #07 of 16 (ID: 869912babf3942bb833129e28e52f603) [cont=True]...
Failed to submit clip #7: HTTP Error 400: Bad Request

[2026-09-02 08:23:25] Submitting Cyberpunk Clip #08 of 16 (ID: 46112160fd1d46e6b66c276c3763d04d) [cont=True]...
Failed to submit clip #8: HTTP Error 400: Bad Request

[2026-09-02 08:23:55] Submitting Cyberpunk Clip #09 of 16 (ID: 37025925dc934edbb2bc98da11bc072c) [cont=True]...
Failed to submit clip #9: HTTP Error 400: Bad Request

[2026-09-02 08:24:25] Submitting Cyberpunk Clip #10 of 16 (ID: 06e8db793c364608a8dd89d86b06ee57) [cont=True]...
Failed to submit clip #10: HTTP Error 400: Bad Request

[2026-09-02 08:24:55] Submitting Cyberpunk Clip #11 of 16 (ID: 9407b7c8c2494bb29230b562c0117fe0) [cont=True]...
Failed to submit clip #11: HTTP Error 400: Bad Request

[2026-09-02 08:25:25] Submitting Cyberpunk Clip #12 of 16 (ID: a5ef783386174969af3188d6f1a768a1) [cont=True]...
Failed to submit clip #12: HTTP Error 400: Bad Request

[2026-09-02 08:25:55] Submitting Cyberpunk Clip #13 of 16 (ID: 6d2ebfcc3ff04e928ad992bed071485b) [cont=True]...
Failed to submit clip #13: HTTP Error 400: Bad Request

[2026-09-02 08:26:25] Submitting Cyberpunk Clip #14 of 16 (ID: b054d127f95c4008bd57643406caa2ef) [cont=True]...
Failed to submit clip #14: HTTP Error 400: Bad Request

[2026-09-02 08:26:55] Submitting Cyberpunk Clip #15 of 16 (ID: 111fe5770a4646d79db5dcf26ef5f79d) [cont=True]...
Failed to submit clip #15: HTTP Error 400: Bad Request

[2026-09-02 08:30:51] Submitting Cyberpunk Clip #03 of 16 (ID: e3178853714b48c3ba1df69ab30fd2e0) [cont=True]...
  !!! [Clip #03] FAILED with error: 'NoneType' object has no attribute 'permute'

[2026-09-02 08:31:21] Submitting Cyberpunk Clip #04 of 16 (ID: 81e8e529142b4cc491be827d7d81e6ff) [cont=True]...
Failed to submit clip #4: HTTP Error 400: Bad Request

[2026-09-02 08:32:58] Submitting Cyberpunk Clip #03 of 16 (ID: e3178853714b48c3ba1df69ab30fd2e0) [cont=True]...
  >>> [Clip #03] COMPLETED in 1891s (31.5m) -> Output: E:\repo\h3-studio\backend\data\videos\cyberpunk-2088-la-se-al-del-sector-7-108-7edc6823\clips\e3178853714b48c3ba1df69ab30fd2e0.mp4

[2026-09-02 09:04:30] Submitting Cyberpunk Clip #04 of 16 (ID: 81e8e529142b4cc491be827d7d81e6ff) [cont=True]...
  >>> [Clip #04] COMPLETED in 1861s (31.0m) -> Output: E:\repo\h3-studio\backend\data\videos\cyberpunk-2088-la-se-al-del-sector-7-108-7edc6823\clips\81e8e529142b4cc491be827d7d81e6ff.mp4

[2026-09-02 09:35:31] Submitting Cyberpunk Clip #05 of 16 (ID: b0732a10843b4ec8a67c1d036900d8b9) [cont=True]...
  >>> [Clip #05] COMPLETED in 1771s (29.5m) -> Output: E:\repo\h3-studio\backend\data\videos\cyberpunk-2088-la-se-al-del-sector-7-108-7edc6823\clips\b0732a10843b4ec8a67c1d036900d8b9.mp4

[2026-09-02 10:05:03] Submitting Cyberpunk Clip #06 of 16 (ID: f0f96415f9664b7381a4889028aa3f66) [cont=True]...
  >>> [Clip #06] COMPLETED in 1861s (31.0m) -> Output: E:\repo\h3-studio\backend\data\videos\cyberpunk-2088-la-se-al-del-sector-7-108-7edc6823\clips\f0f96415f9664b7381a4889028aa3f66.mp4

[2026-09-02 10:36:05] Submitting Cyberpunk Clip #07 of 16 (ID: 869912babf3942bb833129e28e52f603) [cont=True]...
  >>> [Clip #07] COMPLETED in 1861s (31.0m) -> Output: E:\repo\h3-studio\backend\data\videos\cyberpunk-2088-la-se-al-del-sector-7-108-7edc6823\clips\869912babf3942bb833129e28e52f603.mp4

[2026-09-02 11:07:07] Submitting Cyberpunk Clip #08 of 16 (ID: 46112160fd1d46e6b66c276c3763d04d) [cont=True]...
  >>> [Clip #08] COMPLETED in 1892s (31.5m) -> Output: E:\repo\h3-studio\backend\data\videos\cyberpunk-2088-la-se-al-del-sector-7-108-7edc6823\clips\46112160fd1d46e6b66c276c3763d04d.mp4

[2026-09-02 11:38:39] Submitting Cyberpunk Clip #09 of 16 (ID: 37025925dc934edbb2bc98da11bc072c) [cont=True]...
  >>> [Clip #09] COMPLETED in 1922s (32.0m) -> Output: E:\repo\h3-studio\backend\data\videos\cyberpunk-2088-la-se-al-del-sector-7-108-7edc6823\clips\37025925dc934edbb2bc98da11bc072c.mp4

[2026-09-02 12:10:42] Submitting Cyberpunk Clip #10 of 16 (ID: 06e8db793c364608a8dd89d86b06ee57) [cont=True]...
  >>> [Clip #10] COMPLETED in 1863s (31.1m) -> Output: E:\repo\h3-studio\backend\data\videos\cyberpunk-2088-la-se-al-del-sector-7-108-7edc6823\clips\06e8db793c364608a8dd89d86b06ee57.mp4

[2026-09-02 12:41:45] Submitting Cyberpunk Clip #11 of 16 (ID: 9407b7c8c2494bb29230b562c0117fe0) [cont=True]...
  >>> [Clip #11] COMPLETED in 1954s (32.6m) -> Output: E:\repo\h3-studio\backend\data\videos\cyberpunk-2088-la-se-al-del-sector-7-108-7edc6823\clips\9407b7c8c2494bb29230b562c0117fe0.mp4

[2026-09-02 13:14:20] Submitting Cyberpunk Clip #12 of 16 (ID: a5ef783386174969af3188d6f1a768a1) [cont=True]...
